key set: yes | workspace: wrkspc_01B1ri56yfTa9r6U2Qr2akSY
iter 000  baseline  valid primary 0.60147
iter 001  GUARD REJECT: reads IDX["label"] in the feature builder, outside the target assignment
iter 002  GUARD REJECT: reads IDX["label"] in the feature builder, outside the target assignment
iter 003  GUARD REJECT: reads IDX["label"] in the feature builder, outside the target assignment
{
  "stop_reason": "iteration_cap",
  "chosen_iteration": 0,
  "chosen_label": "baseline",
  "validation_primary": 0.6014695167541504,
  "validation_metrics": {
    "GAUC": 0.6671333909034729,
    "nDCG@5": 0.5358057022094727,
    "primary": 0.6014695167541504,
    "users": 22377.0,
    "rows": 124909.0
  },
  "candidates_considered": [
    {
      "iteration": 0,
      "primary": 0.6014695167541504,
      "label": "baseline"
    }
  ],
  "submission": "C:\\Users\\nicho\\OneDrive\\Documents\\Hackathon\\kuairand-starter-kit\\submissions\\run_20260830T153555Z_final.csv",
  "submission_sha256": "5791bb6de104587d22d8393ebcd21bd32ff3134b3b6efdc8af37704c8d4fe642",
  "submission_check_ok": true,
  "submission_check_msg": "row_id contract OK: 170588 rows, split=test",
  "iterations_used": 0,
  "iteration_cap": 3,
  "wall_clock_s": 655.4,
  "resources": {
    "calls": 6,
    "input": 26824,
    "output": 46328,
    "cache_write": 64732,
    "cache_read": 129464,
    "usd": 1.7616,
    "by_role": {
      "proposer": {
        "calls": 3,
        "input": 99567,
        "output": 13670,
        "usd": 0.588748
      },
      "coder": {
        "calls": 3,
        "input": 121453,
        "output": 32658,
        "usd": 1.172878
      }
    },
    "tokens_total": 267348
  },
  "gpu_hours": 0.0,
  "cache_working": true
}

journal: C:\Users\nicho\OneDrive\Documents\Hackathon\kuairand-starter-kit\runlogs\run_20260830T153555Z\journal.jsonl
